// Jest Snapshot v1, https://goo.gl/fbAQLP

exports[`App should render without crashing 1`] = `
<div>
  <h1>
    SendIT App!
  </h1>
</div>
`;
